RAM Allocation [bytes]
Variable                                                                          Address   Size
------------------------------------------------------------------------------------------------
cursor                                                                            0x0600       1
i                                                                                 0x0601       1
H                                                                                 0x0602       1
M                                                                                 0x0603       1
S                                                                                 0x0604       1
Cadena                                                                            0x0605      17

EEPROM Allocation [bytes]
Variable                                                                          Address   Size
------------------------------------------------------------------------------------------------

Register Allocation
Variable                                                                          Register  Size
------------------------------------------------------------------------------------------------

FLASH Allocation [words]
Function                                                                          Address   Size
------------------------------------------------------------------------------------------------
SetupLCD                                                                          0x000AC     44
PulseEn                                                                           0x000D8      3
SendDataBitsLCD                                                                   0x000DB     27
WriteComandLCD                                                                    0x000F6     12
CharLCD                                                                           0x00102     12
StringLCDVar                                                                      0x0010E     24
MoveCursor                                                                        0x00126     31
main                                                                              0x00145    145
put_buff_G100                                                                     0x001D6     64
_print_G100                                                                       0x00216    308
sprintf                                                                           0x0034A     52
strlen                                                                            0x0037E     12
strlenf                                                                           0x0038A     13
